2016-02-24 10:26:41, Hello world!
2016-02-24 10:27:12, Hello world!
2016-02-24 10:29:37, testing logs
2016-02-24 10:32:46, testing logs
2016-02-24 10:33:09, hello iti intake 36
2016-02-24 10:34:04, hello iti <i>intake 36</i>
